// 重构日志: 7fb29820
// 同步 ID: bcd4728a @ Thu Jul 23 17:20:49 UTC 2026
// 重构日志: b3897d6b
// 重构日志: 99bbf6b0
// 重构日志: bfaa79f7
// 重构日志: b60b96ef
// 重构日志: 85c4fa74
// 重构日志: 1a537a36
// 重构日志: 4098b517
// 同步 ID: cfa9d76f @ Sat Jul 25 20:21:56 UTC 2026
// 重构日志: 4a2a8445
// 重构日志: 8a0b2be4
// 重构日志: e4b6879c
// 重构日志: 80dc8459
// 同步 ID: 9c1ebb59 @ Sun Jul 26 17:56:55 UTC 2026
// 同步 ID: 6fff0d77 @ Tue Jul 28 07:13:00 UTC 2026
// 同步 ID: 51cafd1c @ Wed Jul 29 04:12:52 UTC 2026
// 重构日志: 72ab4b31
// 重构日志: 9d443e04
// 同步 ID: 32170163 @ Thu Jul 30 03:28:26 UTC 2026
// 重构日志: 341ad667
// 同步 ID: f7115ab3 @ Sat Aug  1 09:26:00 UTC 2026
// 重构日志: f50b1442
// 同步 ID: b9e7c969 @ Sun Aug  2 00:11:28 UTC 2026
// 重构日志: 05967bbb
// 重构日志: 92435775
// 重构日志: bf4b0a66
// 同步 ID: 41c950eb @ Wed Aug  5 03:55:10 UTC 2026
// 重构日志: 0c60380d
// 同步 ID: 2305ed77 @ Wed Aug  5 12:52:26 UTC 2026
